
> react-kavia@0.1.0 start
> react-scripts start

Attempting to bind to HOST environment variable: 0.0.0.0
If this was unintentional, check that you haven't mistakenly set it in your shell.
Learn more here: https://cra.link/advanced-config

(node:17025) [DEP_WEBPACK_DEV_SERVER_ON_AFTER_SETUP_MIDDLEWARE] DeprecationWarning: 'onAfterSetupMiddleware' option is deprecated. Please use the 'setupMiddlewares' option.
(Use `node --trace-deprecation ...` to show where the warning was created)
(node:17025) [DEP_WEBPACK_DEV_SERVER_ON_BEFORE_SETUP_MIDDLEWARE] DeprecationWarning: 'onBeforeSetupMiddleware' option is deprecated. Please use the 'setupMiddlewares' option.
Starting the development server...

Failed to compile.

[eslint] 
src/context/AuthContext.js
Syntax error: Identifier 'createContext' has already been declared. (2:9) (2:9)
ERROR in ./src/context/AuthContext.js
Module build failed (from ./node_modules/babel-loader/lib/index.js):
SyntaxError: /home/kavia/workspace/code-generation/sketchquest-107121-45b71d37/frontend_web/src/context/AuthContext.js: Identifier 'createContext' has already been declared. (2:9)

  1 | import React, { createContext, useState, useEffect } from "react";
> 2 | import { createContext, useState, useEffect } from "react";
    |          ^
  3 | import { auth } from "../firebase";
  4 | import { signInWithCustomToken, onAuthStateChanged, updateProfile } from "firebase/auth";
  5 |
    at constructor (/home/kavia/workspace/code-generation/sketchquest-107121-45b71d37/frontend_web/node_modules/@babel/parser/lib/index.js:360:19)
    at FlowParserMixin.raise (/home/kavia/workspace/code-generation/sketchquest-107121-45b71d37/frontend_web/node_modules/@babel/parser/lib/index.js:3327:19)
    at FlowScopeHandler.checkRedeclarationInScope (/home/kavia/workspace/code-generation/sketchquest-107121-45b71d37/frontend_web/node_modules/@babel/parser/lib/index.js:1555:19)
    at FlowScopeHandler.declareName (/home/kavia/workspace/code-generation/sketchquest-107121-45b71d37/frontend_web/node_modules/@babel/parser/lib/index.js:1521:12)
    at FlowScopeHandler.declareName (/home/kavia/workspace/code-generation/sketchquest-107121-45b71d37/frontend_web/node_modules/@babel/parser/lib/index.js:1622:11)
    at FlowParserMixin.declareNameFromIdentifier (/home/kavia/workspace/code-generation/sketchquest-107121-45b71d37/frontend_web/node_modules/@babel/parser/lib/index.js:7476:16)
    at FlowParserMixin.checkIdentifier (/home/kavia/workspace/code-generation/sketchquest-107121-45b71d37/frontend_web/node_modules/@babel/parser/lib/index.js:7472:12)
    at FlowParserMixin.checkLVal (/home/kavia/workspace/code-generation/sketchquest-107121-45b71d37/frontend_web/node_modules/@babel/parser/lib/index.js:7413:12)
    at FlowParserMixin.finishImportSpecifier (/home/kavia/workspace/code-generation/sketchquest-107121-45b71d37/frontend_web/node_modules/@babel/parser/lib/index.js:13898:10)
    at FlowParserMixin.parseImportSpecifier (/home/kavia/workspace/code-generation/sketchquest-107121-45b71d37/frontend_web/node_modules/@babel/parser/lib/index.js:5680:17)
    at FlowParserMixin.parseNamedImportSpecifiers (/home/kavia/workspace/code-generation/sketchquest-107121-45b71d37/frontend_web/node_modules/@babel/parser/lib/index.js:14033:36)
    at FlowParserMixin.parseImportSpecifiersAndAfter (/home/kavia/workspace/code-generation/sketchquest-107121-45b71d37/frontend_web/node_modules/@babel/parser/lib/index.js:13875:37)
    at FlowParserMixin.parseImport (/home/kavia/workspace/code-generation/sketchquest-107121-45b71d37/frontend_web/node_modules/@babel/parser/lib/index.js:13868:17)
    at FlowParserMixin.parseStatementContent (/home/kavia/workspace/code-generation/sketchquest-107121-45b71d37/frontend_web/node_modules/@babel/parser/lib/index.js:12514:27)
    at FlowParserMixin.parseStatementLike (/home/kavia/workspace/code-generation/sketchquest-107121-45b71d37/frontend_web/node_modules/@babel/parser/lib/index.js:12406:17)
    at FlowParserMixin.parseStatementLike (/home/kavia/workspace/code-generation/sketchquest-107121-45b71d37/frontend_web/node_modules/@babel/parser/lib/index.js:5140:24)
    at FlowParserMixin.parseModuleItem (/home/kavia/workspace/code-generation/sketchquest-107121-45b71d37/frontend_web/node_modules/@babel/parser/lib/index.js:12383:17)
    at FlowParserMixin.parseBlockOrModuleBlockBody (/home/kavia/workspace/code-generation/sketchquest-107121-45b71d37/frontend_web/node_modules/@babel/parser/lib/index.js:12960:36)
    at FlowParserMixin.parseBlockBody (/home/kavia/workspace/code-generation/sketchquest-107121-45b71d37/frontend_web/node_modules/@babel/parser/lib/index.js:12953:10)
    at FlowParserMixin.parseProgram (/home/kavia/workspace/code-generation/sketchquest-107121-45b71d37/frontend_web/node_modules/@babel/parser/lib/index.js:12280:10)
    at FlowParserMixin.parseTopLevel (/home/kavia/workspace/code-generation/sketchquest-107121-45b71d37/frontend_web/node_modules/@babel/parser/lib/index.js:12270:25)
    at FlowParserMixin.parseTopLevel (/home/kavia/workspace/code-generation/sketchquest-107121-45b71d37/frontend_web/node_modules/@babel/parser/lib/index.js:5909:28)
    at FlowParserMixin.parse (/home/kavia/workspace/code-generation/sketchquest-107121-45b71d37/frontend_web/node_modules/@babel/parser/lib/index.js:14120:10)
    at parse (/home/kavia/workspace/code-generation/sketchquest-107121-45b71d37/frontend_web/node_modules/@babel/parser/lib/index.js:14154:38)
    at parser (/home/kavia/workspace/code-generation/sketchquest-107121-45b71d37/frontend_web/node_modules/@babel/core/lib/parser/index.js:41:34)
    at parser.next (<anonymous>)
    at normalizeFile (/home/kavia/workspace/code-generation/sketchquest-107121-45b71d37/frontend_web/node_modules/@babel/core/lib/transformation/normalize-file.js:64:37)
    at normalizeFile.next (<anonymous>)
    at run (/home/kavia/workspace/code-generation/sketchquest-107121-45b71d37/frontend_web/node_modules/@babel/core/lib/transformation/index.js:22:50)
    at run.next (<anonymous>)
    at transform (/home/kavia/workspace/code-generation/sketchquest-107121-45b71d37/frontend_web/node_modules/@babel/core/lib/transform.js:22:33)
    at transform.next (<anonymous>)
    at step (/home/kavia/workspace/code-generation/sketchquest-107121-45b71d37/frontend_web/node_modules/gensync/index.js:261:32)
    at /home/kavia/workspace/code-generation/sketchquest-107121-45b71d37/frontend_web/node_modules/gensync/index.js:273:13
    at async.call.result.err.err (/home/kavia/workspace/code-generation/sketchquest-107121-45b71d37/frontend_web/node_modules/gensync/index.js:223:11)
    at /home/kavia/workspace/code-generation/sketchquest-107121-45b71d37/frontend_web/node_modules/gensync/index.js:189:28
    at /home/kavia/workspace/code-generation/sketchquest-107121-45b71d37/frontend_web/node_modules/@babel/core/lib/gensync-utils/async.js:67:7
    at /home/kavia/workspace/code-generation/sketchquest-107121-45b71d37/frontend_web/node_modules/gensync/index.js:113:33
    at step (/home/kavia/workspace/code-generation/sketchquest-107121-45b71d37/frontend_web/node_modules/gensync/index.js:287:14)
    at /home/kavia/workspace/code-generation/sketchquest-107121-45b71d37/frontend_web/node_modules/gensync/index.js:273:13
    at async.call.result.err.err (/home/kavia/workspace/code-generation/sketchquest-107121-45b71d37/frontend_web/node_modules/gensync/index.js:223:11)

ERROR in [eslint] 
src/context/AuthContext.js
  Line 2:9:  Parsing error: Identifier 'createContext' has already been declared. (2:9)

webpack compiled with 2 errors
Compiling...
Failed to compile.

[eslint] 
src/context/AuthContext.js
Syntax error: Identifier 'createContext' has already been declared. (2:9) (2:9)
ERROR in ./src/context/AuthContext.js
Module build failed (from ./node_modules/babel-loader/lib/index.js):
SyntaxError: /home/kavia/workspace/code-generation/sketchquest-107121-45b71d37/frontend_web/src/context/AuthContext.js: Identifier 'createContext' has already been declared. (2:9)

  1 | import React, { createContext, useState, useEffect } from "react";
> 2 | import { createContext, useState, useEffect } from "react";
    |          ^
  3 | import { auth } from "../firebase";
  4 | import { signInWithCustomToken, onAuthStateChanged, updateProfile } from "firebase/auth";
  5 |
    at constructor (/home/kavia/workspace/code-generation/sketchquest-107121-45b71d37/frontend_web/node_modules/@babel/parser/lib/index.js:360:19)
    at FlowParserMixin.raise (/home/kavia/workspace/code-generation/sketchquest-107121-45b71d37/frontend_web/node_modules/@babel/parser/lib/index.js:3327:19)
    at FlowScopeHandler.checkRedeclarationInScope (/home/kavia/workspace/code-generation/sketchquest-107121-45b71d37/frontend_web/node_modules/@babel/parser/lib/index.js:1555:19)
    at FlowScopeHandler.declareName (/home/kavia/workspace/code-generation/sketchquest-107121-45b71d37/frontend_web/node_modules/@babel/parser/lib/index.js:1521:12)
    at FlowScopeHandler.declareName (/home/kavia/workspace/code-generation/sketchquest-107121-45b71d37/frontend_web/node_modules/@babel/parser/lib/index.js:1622:11)
    at FlowParserMixin.declareNameFromIdentifier (/home/kavia/workspace/code-generation/sketchquest-107121-45b71d37/frontend_web/node_modules/@babel/parser/lib/index.js:7476:16)
    at FlowParserMixin.checkIdentifier (/home/kavia/workspace/code-generation/sketchquest-107121-45b71d37/frontend_web/node_modules/@babel/parser/lib/index.js:7472:12)
    at FlowParserMixin.checkLVal (/home/kavia/workspace/code-generation/sketchquest-107121-45b71d37/frontend_web/node_modules/@babel/parser/lib/index.js:7413:12)
    at FlowParserMixin.finishImportSpecifier (/home/kavia/workspace/code-generation/sketchquest-107121-45b71d37/frontend_web/node_modules/@babel/parser/lib/index.js:13898:10)
    at FlowParserMixin.parseImportSpecifier (/home/kavia/workspace/code-generation/sketchquest-107121-45b71d37/frontend_web/node_modules/@babel/parser/lib/index.js:5680:17)
    at FlowParserMixin.parseNamedImportSpecifiers (/home/kavia/workspace/code-generation/sketchquest-107121-45b71d37/frontend_web/node_modules/@babel/parser/lib/index.js:14033:36)
    at FlowParserMixin.parseImportSpecifiersAndAfter (/home/kavia/workspace/code-generation/sketchquest-107121-45b71d37/frontend_web/node_modules/@babel/parser/lib/index.js:13875:37)
    at FlowParserMixin.parseImport (/home/kavia/workspace/code-generation/sketchquest-107121-45b71d37/frontend_web/node_modules/@babel/parser/lib/index.js:13868:17)
    at FlowParserMixin.parseStatementContent (/home/kavia/workspace/code-generation/sketchquest-107121-45b71d37/frontend_web/node_modules/@babel/parser/lib/index.js:12514:27)
    at FlowParserMixin.parseStatementLike (/home/kavia/workspace/code-generation/sketchquest-107121-45b71d37/frontend_web/node_modules/@babel/parser/lib/index.js:12406:17)
    at FlowParserMixin.parseStatementLike (/home/kavia/workspace/code-generation/sketchquest-107121-45b71d37/frontend_web/node_modules/@babel/parser/lib/index.js:5140:24)
    at FlowParserMixin.parseModuleItem (/home/kavia/workspace/code-generation/sketchquest-107121-45b71d37/frontend_web/node_modules/@babel/parser/lib/index.js:12383:17)
    at FlowParserMixin.parseBlockOrModuleBlockBody (/home/kavia/workspace/code-generation/sketchquest-107121-45b71d37/frontend_web/node_modules/@babel/parser/lib/index.js:12960:36)
    at FlowParserMixin.parseBlockBody (/home/kavia/workspace/code-generation/sketchquest-107121-45b71d37/frontend_web/node_modules/@babel/parser/lib/index.js:12953:10)
    at FlowParserMixin.parseProgram (/home/kavia/workspace/code-generation/sketchquest-107121-45b71d37/frontend_web/node_modules/@babel/parser/lib/index.js:12280:10)
    at FlowParserMixin.parseTopLevel (/home/kavia/workspace/code-generation/sketchquest-107121-45b71d37/frontend_web/node_modules/@babel/parser/lib/index.js:12270:25)
    at FlowParserMixin.parseTopLevel (/home/kavia/workspace/code-generation/sketchquest-107121-45b71d37/frontend_web/node_modules/@babel/parser/lib/index.js:5909:28)
    at FlowParserMixin.parse (/home/kavia/workspace/code-generation/sketchquest-107121-45b71d37/frontend_web/node_modules/@babel/parser/lib/index.js:14120:10)
    at parse (/home/kavia/workspace/code-generation/sketchquest-107121-45b71d37/frontend_web/node_modules/@babel/parser/lib/index.js:14154:38)
    at parser (/home/kavia/workspace/code-generation/sketchquest-107121-45b71d37/frontend_web/node_modules/@babel/core/lib/parser/index.js:41:34)
    at parser.next (<anonymous>)
    at normalizeFile (/home/kavia/workspace/code-generation/sketchquest-107121-45b71d37/frontend_web/node_modules/@babel/core/lib/transformation/normalize-file.js:64:37)
    at normalizeFile.next (<anonymous>)
    at run (/home/kavia/workspace/code-generation/sketchquest-107121-45b71d37/frontend_web/node_modules/@babel/core/lib/transformation/index.js:22:50)
    at run.next (<anonymous>)
    at transform (/home/kavia/workspace/code-generation/sketchquest-107121-45b71d37/frontend_web/node_modules/@babel/core/lib/transform.js:22:33)
    at transform.next (<anonymous>)
    at step (/home/kavia/workspace/code-generation/sketchquest-107121-45b71d37/frontend_web/node_modules/gensync/index.js:261:32)
    at /home/kavia/workspace/code-generation/sketchquest-107121-45b71d37/frontend_web/node_modules/gensync/index.js:273:13
    at async.call.result.err.err (/home/kavia/workspace/code-generation/sketchquest-107121-45b71d37/frontend_web/node_modules/gensync/index.js:223:11)

ERROR in [eslint] 
src/context/AuthContext.js
  Line 2:9:  Parsing error: Identifier 'createContext' has already been declared. (2:9)

webpack compiled with 2 errors
